To honour the JVM settings for this build a single-use Daemon process will be forked. For more on this, please refer to https://docs.gradle.org/8.9/userguide/gradle_daemon.html#sec:disabling_the_daemon in the Gradle documentation.
Daemon will be stopped at the end of the build 
> Task :app:preBuild UP-TO-DATE
> Task :app:preDebugBuild UP-TO-DATE
> Task :app:mergeDebugNativeDebugMetadata NO-SOURCE
> Task :app:checkKotlinGradlePluginConfigurationErrors
> Task :app:checkDebugAarMetadata FAILED
.\gradlew.bat : 
At line:1 char:143
+ ...  E:\LianYu; .\gradlew.bat assembleDebug --no-daemon --console=plain 2 ...
+                 ~~~~~~~~~~~~~~~~~~~~~~~~~~~~~~~~~~~~~~~~~~~~~~~~~~~~~~~~~
    + CategoryInfo          : NotSpecified: (:String) [], RemoteException
    + FullyQualifiedErrorId : NativeCommandError
 
FAILURE: Build failed with an exception.

* What went wrong:
Execution failed for task ':app:checkDebugAarMetadata'.
> Could not resolve all files for configuration ':app:debugRuntimeClasspath'.
   > Could not find androidx.compose.animation:animation:1.13.0.
     Searched in the following locations:
       - https://maven.aliyun.com/repository/google/androidx/compose/animation/animation/1.13.0/animation-1.13.0.pom
       - https://maven.aliyun.com/repository/public/androidx/compose/animation/animation/1.13.0/animation-1.13.0.pom
       - https://maven.aliyun.com/repository/central/androidx/compose/animation/animation/1.13.0/animation-1.13.0.pom
       - https://dl.google.com/dl/android/maven2/androidx/compose/animation/animation/1.13.0/animation-1.13.0.pom
       - https://repo.maven.apache.org/maven2/androidx/compose/animation/animation/1.13.0/animation-1.13.0.pom
     Required by:
         project :app
   > Could not find androidx.compose.animation:animation-core:1.13.0.
     Searched in the following locations:
       - https://maven.aliyun.com/repository/google/androidx/compose/animation/animation-core/1.13.0/animation-core-1.1
3.0.pom
       - https://maven.aliyun.com/repository/public/androidx/compose/animation/animation-core/1.13.0/animation-core-1.1
3.0.pom
       - https://maven.aliyun.com/repository/central/androidx/compose/animation/animation-core/1.13.0/animation-core-1.
13.0.pom
       - https://dl.google.com/dl/android/maven2/androidx/compose/animation/animation-core/1.13.0/animation-core-1.13.0
.pom
       - https://repo.maven.apache.org/maven2/androidx/compose/animation/animation-core/1.13.0/animation-core-1.13.0.po
m
     Required by:
         project :app
   > Could not find androidx.compose.animation:animation-graphics:1.13.0.
     Searched in the following locations:
       - https://maven.aliyun.com/repository/google/androidx/compose/animation/animation-graphics/1.13.0/animation-grap
hics-1.13.0.pom
       - https://maven.aliyun.com/repository/public/androidx/compose/animation/animation-graphics/1.13.0/animation-grap
hics-1.13.0.pom
       - https://maven.aliyun.com/repository/central/androidx/compose/animation/animation-graphics/1.13.0/animation-gra
phics-1.13.0.pom
       - https://dl.google.com/dl/android/maven2/androidx/compose/animation/animation-graphics/1.13.0/animation-graphic
s-1.13.0.pom
       - https://repo.maven.apache.org/maven2/androidx/compose/animation/animation-graphics/1.13.0/animation-graphics-1
.13.0.pom
     Required by:
         project :app
   > Could not find androidx.compose.animation:animation:1.13.0.
     Searched in the following locations:
       - https://maven.aliyun.com/repository/google/androidx/compose/animation/animation/1.13.0/animation-1.13.0.pom
       - https://maven.aliyun.com/repository/public/androidx/compose/animation/animation/1.13.0/animation-1.13.0.pom
       - https://maven.aliyun.com/repository/central/androidx/compose/animation/animation/1.13.0/animation-1.13.0.pom
       - https://dl.google.com/dl/android/maven2/androidx/compose/animation/animation/1.13.0/animation-1.13.0.pom
       - https://repo.maven.apache.org/maven2/androidx/compose/animation/animation/1.13.0/animation-1.13.0.pom
     Required by:
         project :app > androidx.compose:compose-bom:2024.10.01
         project :app > androidx.compose.ui:ui-tooling:1.7.5 > androidx.compose.ui:ui-tooling-android:1.7.5
         project :app > androidx.compose:compose-bom:2024.10.01 > androidx.compose.foundation:foundation-android:1.7.5
         project :app > androidx.compose:compose-bom:2024.10.01 > androidx.compose.material:material-ripple-android:1.7
.5
         project :app > androidx.compose:compose-bom:2024.10.01 > androidx.compose.material:material-android:1.7.5
   > Could not find androidx.compose.animation:animation-core:1.13.0.
     Searched in the following locations:
       - https://maven.aliyun.com/repository/google/androidx/compose/animation/animation-core/1.13.0/animation-core-1.1
3.0.pom
       - https://maven.aliyun.com/repository/public/androidx/compose/animation/animation-core/1.13.0/animation-core-1.1
3.0.pom
       - https://maven.aliyun.com/repository/central/androidx/compose/animation/animation-core/1.13.0/animation-core-1.
13.0.pom
       - https://dl.google.com/dl/android/maven2/androidx/compose/animation/animation-core/1.13.0/animation-core-1.13.0
.pom
       - https://repo.maven.apache.org/maven2/androidx/compose/animation/animation-core/1.13.0/animation-core-1.13.0.po
m
     Required by:
         project :app > androidx.compose:compose-bom:2024.10.01
         project :app > androidx.compose:compose-bom:2024.10.01 > androidx.compose.material:material-android:1.7.5
   > Could not find androidx.compose.animation:animation-graphics:1.13.0.
     Searched in the following locations:
       - https://maven.aliyun.com/repository/google/androidx/compose/animation/animation-graphics/1.13.0/animation-grap
hics-1.13.0.pom
       - https://maven.aliyun.com/repository/public/androidx/compose/animation/animation-graphics/1.13.0/animation-grap
hics-1.13.0.pom
       - https://maven.aliyun.com/repository/central/androidx/compose/animation/animation-graphics/1.13.0/animation-gra
phics-1.13.0.pom
       - https://dl.google.com/dl/android/maven2/androidx/compose/animation/animation-graphics/1.13.0/animation-graphic
s-1.13.0.pom
       - https://repo.maven.apache.org/maven2/androidx/compose/animation/animation-graphics/1.13.0/animation-graphics-1
.13.0.pom
     Required by:
         project :app > androidx.compose:compose-bom:2024.10.01
   > Could not find androidx.compose.animation:animation:1.13.0.
     Searched in the following locations:
       - https://maven.aliyun.com/repository/google/androidx/compose/animation/animation/1.13.0/animation-1.13.0.pom
       - https://maven.aliyun.com/repository/public/androidx/compose/animation/animation/1.13.0/animation-1.13.0.pom
       - https://maven.aliyun.com/repository/central/androidx/compose/animation/animation/1.13.0/animation-1.13.0.pom
       - https://dl.google.com/dl/android/maven2/androidx/compose/animation/animation/1.13.0/animation-1.13.0.pom
       - https://repo.maven.apache.org/maven2/androidx/compose/animation/animation/1.13.0/animation-1.13.0.pom
     Required by:
         project :app > androidx.navigation:navigation-compose:2.8.0
   > Could not find androidx.compose.animation:animation-core:1.13.0.
     Searched in the following locations:
       - https://maven.aliyun.com/repository/google/androidx/compose/animation/animation-core/1.13.0/animation-core-1.1
3.0.pom
       - https://maven.aliyun.com/repository/public/androidx/compose/animation/animation-core/1.13.0/animation-core-1.1
3.0.pom
       - https://maven.aliyun.com/repository/central/androidx/compose/animation/animation-core/1.13.0/animation-core-1.
13.0.pom
       - https://dl.google.com/dl/android/maven2/androidx/compose/animation/animation-core/1.13.0/animation-core-1.13.0
.pom
       - https://repo.maven.apache.org/maven2/androidx/compose/animation/animation-core/1.13.0/animation-core-1.13.0.po
m
     Required by:
         project :app > androidx.compose.material3:material3:1.3.1 > androidx.compose.material3:material3-android:1.3.1
   > Could not find androidx.compose.animation:animation-core:1.13.0.
     Searched in the following locations:
       - https://maven.aliyun.com/repository/google/androidx/compose/animation/animation-core/1.13.0/animation-core-1.1
3.0.pom
       - https://maven.aliyun.com/repository/public/androidx/compose/animation/animation-core/1.13.0/animation-core-1.1
3.0.pom
       - https://maven.aliyun.com/repository/central/androidx/compose/animation/animation-core/1.13.0/animation-core-1.
13.0.pom
       - https://dl.google.com/dl/android/maven2/androidx/compose/animation/animation-core/1.13.0/animation-core-1.13.0
.pom
       - https://repo.maven.apache.org/maven2/androidx/compose/animation/animation-core/1.13.0/animation-core-1.13.0.po
m
     Required by:
         project :app > androidx.compose:compose-bom:2024.10.01 > androidx.compose.foundation:foundation-layout-android
:1.7.5

* Try:
> Run with --stacktrace option to get the stack trace.
> Run with --info or --debug option to get more log output.
> Run with --scan to get full insights.
> Get more help at https://help.gradle.org.

Deprecated Gradle features were used in this build, making it incompatible with Gradle 9.0.

You can use '--warning-mode all' to show the individual deprecation warnings and determine if they come from your own scripts or plugins.

For more on this, please refer to https://docs.gradle.org/8.9/userguide/command_line_interface.html#sec:command_line_warnings in the Gradle documentation.

BUILD FAILED in 13s
2 actionable tasks: 2 executed
